---
source: annimate_core/tests/metadata.rs
---
metadata-version = 1

[corpus-sets]
