---
source: annimate_core/tests/project.rs
info:
  corpus_set: Test Corpus Set
  corpus_names: []
  aql_query: ""
  query_language: AQL
  export_columns: []
  export_format: Csv
---
# Annimate project file
# https://github.com/matthias-stemmler/annimate

format-version = 1

[project]
corpus-set = "Test Corpus Set"
query-language = "aql"
export-format = "csv"
