---
source: annimate_core/tests/project.rs
info:
  corpus_set: ~
  corpus_names: []
  aql_query: ""
  query_language: AQL
  export_columns:
    - MatchInContext:
        context:
          Symmetric: 20
        primary_node_indices: ~
        segmentation: Test Segmentation
  export_format: Csv
---
# Annimate project file
# https://github.com/matthias-stemmler/annimate

format-version = 1

[project]
query-language = "aql"
export-format = "csv"

[[project.columns]]
type = "match-in-context"
segmentation = "Test Segmentation"
context = 20
