---
source: annimate_core/tests/segmentations.rs
info:
  corpus_paths:
    - subtok.demo_relANNIS.zip
  corpus_names:
    - subtok.demo
---
[
    "diplomatic",
    "norm",
]
